Test with a new proxied file

Test with a new proxied file
Test with a new proxied file

Test with a proxied file created under a proxied directory

Test with an in-memory file created under a proxied directory
