Test with a new backend file

Test with a new backend file

Test with a new backend file
Test with a new backend file

Test with a backend file created under a backend directory

Test with an in-memory file created under a backend directory

\0\0\0\0\0\0\0\0\0\0Test with a backend file created under root
